data/runs/cfbaaabf-ac62-44df-9947-6dc56ae34375/panel.csv
t,firm_id,price,cost,quantity,profit
0,0,1.2,1.0,2500.0,499.9999999999999
1,0,2.6053210597715664,1.0053210597715667,1397.747082352678,2236.3953317642845
2,0,2.591505846514342,0.991505846514342,1417.7115416731394,2268.338466677023
3,0,2.259216824541296,1.0592168245412963,1595.9986758658015,1915.1984110389615
4,0,2.6954682798188703,1.0954682798188704,1356.9397910018051,2171.103665602888
5,0,2.868095681007853,1.268095681007853,1548.937493753007,2478.299990004811
6,0,3.076720467656829,1.4767204676568293,1481.021889708742,2369.635023533987
7,0,3.114338837214953,1.514338837214953,1475.5583564740177,2360.893370358428
8,0,2.976710850786496,1.376710850786496,1499.7725949636867,2399.636151941899
9,0,4.3249972327192,1.3249972327192006,817.3120426395866,2451.936127918759
10,0,4.440934013479126,1.4409340134791258,1717.89079002679,5153.6723700803705
11,0,4.601253127580843,1.6012531275808426,1473.2467527769263,4419.740258330779
12,0,4.712523425540267,1.7125234255402675,1365.5965449579726,4096.789634873917
13,0,4.8101098689882384,1.810109868988239,1336.967284507949,4010.9018535238465
14,0,4.870932494936567,1.8709324949365673,1344.0288159296476,4032.0864477889427
15,0,5.059439214379408,2.0594392143794074,1209.2816345639753,3627.8449036919264
16,0,4.99210220925226,1.9921022092522598,667.3341921591343,2002.002576477403
17,0,4.874741769588854,1.8747417695888542,1366.7592123790248,4100.277637137075
18,0,4.098562790882318,1.8985627908823186,1134.266366249324,2495.3860057485117
19,0,4.851311808781338,1.8513118087813376,1395.2207469624584,4185.662240887375
20,0,4.807706700655291,1.8077067006552907,1376.480991492805,4129.442974478416
21,0,4.954043009789454,1.954043009789454,1278.230857859206,3834.692573577618
22,0,5.194703059740206,2.1947030597402057,1141.6734482593076,3425.0203447779236
23,0,5.297082081463043,2.297082081463043,1130.6198612504243,3391.859583751273
24,0,5.4995033822541926,2.4995033822541926,1027.2491718888514,3081.747515666554
25,0,4.590523928162913,2.5905239281629133,1494.978983582599,2989.9579671651977
26,0,5.543008569047487,2.543008569047487,399.8781861803311,1199.6345585409933
27,0,5.346603256025211,2.346603256025211,956.7895557785648,2870.368667335694
28,0,4.575356465267204,2.1753564652672033,1315.2447422893038,3156.5873814943293
29,0,5.234222409144635,2.2342224091446354,956.3970442409592,2869.1911327228777
30,0,5.19472992328663,2.1947299232866295,957.950596913984,2873.8517907419523
31,0,5.010832713523309,2.010832713523309,1041.5289242139122,3124.586772641736
32,0,4.9710646897959,1.9710646897958997,1036.0884318302578,3108.2652954907735
33,0,4.8505420387322005,1.8505420387322007,1069.242073182011,3207.7262195460326
34,0,5.060530536903142,2.0605305369031424,991.6229372144862,2974.8688116434587
35,0,5.092031407191684,2.0920314071916843,997.4130916761758,2992.239275028527
36,0,5.011246955296615,2.011246955296615,558.1401774626847,1674.4205323880542
37,0,3.619837456433861,2.0198374564338613,1912.5816648539037,3060.130663766245
38,0,4.850593763731997,1.8505937637319962,1139.7917303628178,3419.375191088454
39,0,4.889573989367925,1.889573989367925,1299.4506396401289,3898.3519189203867
40,0,4.747519977933789,1.7475199779337884,1366.082350115424,4098.247050346272
41,0,4.662442721886091,1.6624427218860913,1445.474121946981,4336.422365840943
42,0,4.779830554572781,1.7798305545727815,1411.8614473944315,4235.584342183294
43,0,4.7697843959015875,1.7697843959015873,1371.7259315315275,4115.177794594582
44,0,4.771976091567183,1.7719760915671832,1375.0873967478467,4125.262190243539
45,0,4.605123768893412,1.6051237688934117,1475.1304572084453,4425.3913716253355
46,0,4.616034872566072,1.6160348725660716,1109.4822440403705,3328.4467321211114
47,0,4.506508636680576,1.506508636680576,1550.5182923240943,4651.554876972283
48,0,4.510936196305758,1.5109361963057582,1539.6091092379907,4618.827327713972
49,0,4.556996432061762,1.556996432061762,766.0856987192234,2298.2570961576703
50,0,1.7814225979731153,1.5814225979731154,2308.099837252402,461.61996745048026
51,0,4.540121369672768,1.5401213696727678,1561.6941885309982,4685.082565592995
52,0,4.403011753695764,1.4030117536957636,1683.6006700822743,5050.802010246823
53,0,4.409726674130812,1.4097266741308114,1529.7325212484336,4589.197563745301
54,0,4.4400498709056455,1.4400498709056453,1559.3018442508596,4677.905532752578
55,0,4.3265247648267895,1.3265247648267897,1557.006988628437,4671.020965885311
56,0,4.3214095983966025,1.3214095983966025,1544.5706604907657,4633.711981472297
57,0,4.29667845203154,1.2966784520315404,1605.8563136884827,4817.568941065449
58,0,4.276515966837326,1.2765159668373254,1621.6148467512537,4864.844540253761
59,0,4.189807982238703,1.1898079822387024,1592.6148945131888,4777.844683539567
60,0,3.927149896173976,0.9271498961739759,1768.1732455889157,5304.519736766747
61,0,3.856061052313932,0.8560610523139318,1887.5158092364018,5662.547427709205
62,0,3.8590268659725457,0.8590268659725457,1898.5969576938028,5695.790873081409
63,0,3.803338240312893,0.8033382403128928,1912.9666174634247,5738.899852390274
64,0,3.7467935869783333,0.7467935869783334,1869.3018181809168,5607.905454542751
65,0,3.870667657457086,0.8706676574570861,1729.214582548076,5187.643747644228
66,0,3.7533991577468733,0.7533991577468733,1903.5526882044824,5710.658064613447
67,0,3.7568078140150956,0.7568078140150953,1894.5485370926344,5683.645611277903
68,0,2.3537171252390565,0.7537171252390565,2908.387433191668,4653.419893106669
69,0,3.72919047178479,0.7291904717847897,1963.1412922058028,5889.4238766174085
70,0,3.8549382193840103,0.85493821938401,1888.4078558252195,5665.2235674756585
71,0,3.745227145130222,0.7452271451302218,1081.5286070683514,3244.5858212050543
72,0,3.5465157473896856,0.5465157473896854,968.5399339269644,2905.6198017808933
73,0,3.755482927213061,0.7554829272130611,2184.010137373025,6552.030412119075
74,0,3.8206495605258595,0.8206495605258594,2182.9468952333345,6548.840685700004
75,0,3.828252039751293,0.8282520397512928,2239.7503446702067,6719.25103401062
76,0,3.7079335289553326,0.7079335289553323,2021.2741576311807,6063.822472893542
77,0,3.5136158469370953,0.5136158469370955,1182.5077504692895,3547.5232514078684
78,0,3.3052357547367377,0.3052357547367376,2665.3114410751814,7995.934323225544
79,0,3.3639430334808766,0.36394303348087664,2618.4635424875223,7855.390627462567
80,0,3.367897571522115,0.36789757152211505,2669.8639703725007,8009.591911117503
81,0,3.5351966679491005,0.5351966679491004,2546.174746503858,7638.524239511574
82,0,3.4096170055994492,0.40961700559944936,2727.760370719936,8183.281112159808
83,0,3.3539879338835594,0.3539879338835596,1458.9126821245752,4376.738046373725
84,0,3.2341801071794474,0.2341801071794473,2704.7557491977846,8114.267247593354
85,0,3.277353466076601,0.2773534660766013,2680.7683393326893,8042.305017998067
86,0,3.1465407626093063,0.14654076260930604,2787.817394361671,8363.452183085014
87,0,3.0900037249892613,0.09000372498926149,2753.2942519961794,8259.882755988538
88,0,3.3308264645582555,0.3308264645582555,2592.0881635816636,7776.26449074499
89,0,3.265029769773676,0.26502976977367587,2562.9972545456408,7688.991763636923
90,0,3.271157299902441,0.27115729990244125,2624.905794167676,7874.717382503028
91,0,1.422220189072999,0.22222018907299915,3238.500787744573,3886.200945293487
92,0,3.2894018962204528,0.28940189622045287,2532.314652415161,7596.943957245483
93,0,3.1880690764572313,0.18806907645723112,2593.228543027992,7779.685629083977
94,0,3.2428910346361564,0.24289103463615636,2582.3895572757124,7747.168671827138
95,0,3.3201695353702436,0.3201695353702437,2480.4014466482977,7441.204339944893
96,0,1.4088846351894508,0.40888463518945084,3387.0700479841757,3387.0700479841757
97,0,3.4754034676955152,0.47540346769551545,2491.007193547698,7473.021580643094
98,0,3.572865248714957,0.5728652487149567,2395.902330423253,7187.706991269759
99,0,3.585102364768962,0.5851023647689622,2427.433473764616,7282.300421293848
0,1,1.2,1.0,2500.0,499.9999999999999
1,1,1.349986162021027,1.149986162021027,2618.3102380848577,523.6620476169714
2,1,1.3078947138004853,1.1078947138004853,2693.5217755593417,538.7043551118683
3,1,1.2751737966401395,1.0751737966401396,2610.446248926165,522.0892497852329
4,1,1.4019648757167817,1.2019648757167818,2590.8440553673045,518.1688110734608
5,1,3.7787880700725873,1.178788070072587,982.3800918976531,2554.1882389338984
6,1,3.8443648760958533,1.2443648760958532,1008.9499245145831,2623.2698037379164
7,1,3.758788314361987,1.158788314361987,1069.09417696198,2779.6448601011484
8,1,3.871422702309934,1.271422702309934,958.8290941898582,2492.9556448936314
9,1,3.8549320807594025,1.2549320807594024,1033.8588479422963,2688.0330046499703
10,1,3.940278154059265,1.3402781540592648,2206.5389085220977,5737.001162157455
11,1,3.733629630969803,1.1336296309698033,2273.4088222783585,5910.862937923731
12,1,3.57066312488215,0.9706631248821499,2416.986491541725,6284.164878008486
13,1,3.3561688164838355,0.7561688164838356,2765.922889148511,7191.399511786128
14,1,3.3722059113181517,0.7722059113181515,2843.497970706952,7393.094723838075
15,1,3.428493689096939,0.8284936890969392,2733.2715330942765,7106.505986045118
16,1,1.4841553871781008,0.8841553871781008,3855.5323474801294,2313.3194084880774
17,1,3.594077540678556,0.994077540678556,2592.8937073893317,6741.523639212262
18,1,3.703890863563994,1.103890863563994,1381.710234530377,3592.44660977898
19,1,3.903189967399188,1.303189967399188,2241.4289016045886,5827.715144171931
20,1,3.75999864997329,1.1599986499732895,2324.2194483719077,6042.970565766961
21,1,3.825003426001171,1.225003426001171,2247.9007292913634,5844.541896157544
22,1,3.8928615936321123,1.2928615936321122,2188.936602274614,5691.235165913997
23,1,3.7745314641229775,1.1745314641229774,2420.6626881855414,6293.722989282408
24,1,3.7514148267189134,1.1514148267189135,2461.888652764324,6400.910497187241
25,1,3.8114027890832545,1.2114027890832544,2207.085172432406,5738.421448324256
26,1,3.682709864637464,1.0827098646374638,1013.6463118103256,2635.4804107068467
27,1,3.626297561147874,1.0262975611478737,2261.39309209171,5879.622039438447
28,1,3.496108775094389,0.896108775094389,2256.120192892709,5865.912501521044
29,1,3.3964506886012154,0.7964506886012153,2397.2056016924407,6232.734564400346
30,1,3.466371518434423,0.8663715184344232,2273.2718357575095,5910.506772969524
31,1,3.4818137324844027,0.8818137324844026,2237.142190550892,5816.569695432319
32,1,3.5665836135280675,0.9665836135280673,2091.1058423894156,5436.87519021248
33,1,3.4556902753632692,0.8556902753632692,2147.6536837516987,5583.899577754417
34,1,3.3870398451772417,0.7870398451772413,2289.4989586865363,5952.697292584996
35,1,3.38207040733952,0.78207040733952,2345.2458577038888,6097.639230030111
36,1,1.1707702608332173,0.9707702608332174,3807.9584787220383,761.5916957444075
37,1,3.575552102172346,0.9755521021723461,1955.4036906751849,5084.04959575548
38,1,3.5336847746643323,0.9336847746643323,2201.8546932405457,5724.822202425419
39,1,3.5289515799517783,0.928951579951778,2565.7550325324396,6670.963084584344
40,1,3.469675622114489,0.8696756221144887,2587.9581942828504,6728.691305135411
41,1,3.601870029948934,1.001870029948934,2456.4659854815086,6386.811562251922
42,1,3.627314424851728,1.0273144248517279,2512.2206271841305,6531.773630678741
43,1,3.7799961716637234,1.1799961716637233,2250.075706782877,5850.196837635481
44,1,3.7683589513708813,1.1683589513708812,2271.2398242315217,5905.223543001956
45,1,3.750453343121386,1.1504533431213855,2261.6206189531053,5880.213609278075
46,1,2.4566442055090585,1.2566442055090583,3266.074461317584,3919.2893535811013
47,1,3.8897972890827153,1.2897972890827152,2110.542304849866,5487.409992609651
48,1,3.8493833287868897,1.2493833287868896,2143.210616469326,5572.347602820248
49,1,3.824752673752858,1.2247526737528582,1104.7959329797084,2872.4694257472415
50,1,3.670703670428135,1.0707036704281345,897.4337913042023,2333.3278573909265
51,1,3.709437610691121,1.1094376106911208,2365.7926627680513,6151.060923196935
52,1,3.7289853508693422,1.1289853508693422,2358.3163592238557,6131.622533982025
53,1,3.6133015131955206,1.0133015131955208,2278.0173421389613,5922.845089561299
54,1,3.6305377043404663,1.0305377043404662,2337.2949785748847,6076.966944294701
55,1,3.5393796161939073,0.9393796161939072,2307.899851207762,6000.539613140181
56,1,3.580337658661231,0.9803376586612309,2237.327228670552,5817.050794543436
57,1,3.6183342901151843,1.0183342901151842,2254.2768271869845,5861.11975068616
58,1,3.566871882890245,0.9668718828902448,2312.3041934250077,6011.99090290502
59,1,3.465218035083963,0.8652180350839628,2287.98662252076,5948.765218553976
60,1,3.4656132378770854,0.8656132378770854,2227.13337874447,5790.546784735622
61,1,3.3304921870742032,0.730492187074203,2454.801764872738,6382.484588669119
62,1,3.3568398899031635,0.7568398899031635,2440.5139639937734,6345.336306383811
63,1,3.2687197199827747,0.6687197199827744,2499.1845536141395,6497.8798393967645
64,1,3.1315956873234163,0.5315956873234163,2542.540941637392,6610.606448257219
65,1,3.1624520084105505,0.5624520084105507,2463.9731074249603,6406.330079304896
66,1,3.303624481466597,0.7036244814665967,2383.593717677492,6197.343665961479
67,1,3.1525870045564734,0.5525870045564732,2562.775820342874,6663.217132891472
68,1,3.1734116608937577,0.5734116608937577,1930.4468663603284,5019.161852536854
69,1,3.319114778415144,0.519114778415144,2409.896347108418,6747.70977190357
70,1,3.2385349218263135,0.4385349218263137,2570.076637504547,7196.214585012731
71,1,1.271529631223025,0.671529631223025,3725.586072306575,2235.3516433839454
72,1,3.4291057710344863,0.6291057710344865,1027.100130196964,2875.880364551499
73,1,3.440899284532972,0.640899284532972,2556.028076155247,7156.878613234691
74,1,3.4864844198025695,0.6864844198025698,2579.919820501702,7223.775497404765
75,1,3.499202351105569,0.699202351105569,2640.291296636265,7392.815630581542
76,1,3.4820249279548605,0.6820249279548606,2262.979672725515,6336.343083631441
77,1,3.5140645921103086,0.7140645921103088,1182.2424579099359,3310.2788821478202
78,1,3.6927093556779473,0.8927093556779476,2195.882715024137,6148.471602067582
79,1,3.807292695048031,1.0072926950480312,2097.8497273843723,5873.979236676242
80,1,3.8959670150714514,1.0959670150714518,2050.3136919629205,5740.878337496177
81,1,4.026686249914572,1.226686249914572,1991.41878602003,5575.972600856085
82,1,4.172050444519218,1.3720504445192183,1863.1417506268044,5216.796901755052
83,1,1.5683315939853533,1.3683315939853533,3562.703226287687,712.5406452575372
84,1,4.140248767248808,1.3402487672488086,1719.4032486089611,4814.329096105091
85,1,3.95627251079408,1.15627251079408,1909.1229055909826,5345.544135654751
86,1,3.9800929155877505,1.1800929155877506,1837.6414289209356,5145.39600097862
87,1,3.8336919085742336,1.0336919085742338,1898.2910096097385,5315.214826907268
88,1,3.782156096333213,0.9821560963332134,2068.448844212104,5791.6567637938915
89,1,3.663542236164106,0.8635422361641063,2099.9659766404293,5879.904734593201
90,1,3.637529149845278,0.8375291498452783,2185.53157451992,6119.488408655776
91,1,2.0494037121332918,0.6494037121332921,2366.752450362508,3313.453430507511
92,1,3.411962747461607,0.6119627474616073,2381.7924661280094,6669.018905158426
93,1,3.3464139872611254,0.5464139872611258,2395.8334969105913,6708.333791349655
94,1,3.3376223725118996,0.5376223725118999,2462.924552576997,6896.188747215591
95,1,3.4171416591507198,0.6171416591507202,2363.005578175897,6616.415618892511
96,1,3.5254497589095704,0.7254497589095704,1175.487192042831,3291.364137719927
97,1,3.40509370726263,0.6050937072626303,2580.1357254348427,7224.380031217559
98,1,3.4457248382508356,0.6457248382508357,2553.1556938324925,7148.835942730979
99,1,3.441968809728628,0.6419688097286279,2607.5244719948746,7301.068521585648
