data/runs/cfbaaabf-ac62-44df-9947-6dc56ae34375/panel.csv
t,firm_id,price,cost,quantity,profit
0,2,1.2,1.0,2500.0,499.9999999999999
1,2,1.0831795246069196,0.8831795246069195,2991.9713397812325,598.3942679562467
2,2,1.1297950020657672,0.9297950020657673,2944.3833413837597,588.8766682767518
3,2,1.0670183128216573,0.8670183128216573,2896.7775376040167,579.3555075208033
4,2,1.091377639576254,0.8913776395762539,3026.108076815445,605.2216153630892
5,2,1.1080912581468398,0.9080912581468399,3734.34120717467,746.8682414349339
6,2,1.2160010221067712,1.0160010221067712,3755.0140928883375,751.0028185776673
7,2,1.2608430168671707,1.0608430168671708,3727.6737332820007,745.5347466564
8,2,1.132816964036521,0.932816964036521,3770.6991554232277,754.1398310846458
9,2,1.1120744552756132,0.9120744552756131,4074.4145547090584,814.8829109418119
10,2,3.300871158303291,0.9008711583032908,3037.7851507255564,7290.684361741335
11,2,3.096251912682714,0.6962519126827141,3126.672212472358,7504.013309933658
12,2,3.0672914289039395,0.6672914289039397,3108.708481750151,7460.900356200362
13,2,3.2282871451935677,0.8282871451935679,2948.5549131717703,7076.5317916122485
14,2,3.3285578957478834,0.9285578957478835,2906.2366066817003,6974.967856036081
15,2,3.2232097682064635,0.8232097682064636,3028.723416170874,7268.936198810097
16,2,3.216345562722056,0.8163455627220562,1621.6011128806074,3891.8426709134574
17,2,3.288997981137014,0.8889979811370142,3020.173540115822,7248.416496277973
18,2,1.7112882192470793,0.7112882192470793,3742.01169961015,3742.01169961015
19,2,3.2026014115781978,0.8026014115781978,3181.675175716476,7636.020421719542
20,2,3.1521846416061408,0.7521846416061408,3149.649780067644,7559.159472162345
21,2,3.095743670460907,0.6957436704609071,3236.934206424715,7768.642095419315
22,2,3.0509308792883036,0.6509308792883036,3334.694974733039,8003.267939359293
23,2,3.2011459744695916,0.8011459744695918,3224.3587252820166,7738.4609406768395
24,2,3.192623016527528,0.7926230165275282,3255.431087673412,7813.034610416189
25,2,3.1005987153646752,0.7005987153646753,3148.967921992497,7557.523012781992
26,2,0.7957356058496601,0.5957356058496601,4293.237751004672,858.6475502009341
27,2,2.816063769745429,0.41606376974542925,3390.908676064863,8138.180822555669
28,2,2.7881718753550677,0.388171875355068,3214.317532408994,7714.362077781585
29,2,2.7432025892502327,0.34320258925023306,3323.1986770333,7975.676824879918
30,2,2.6704651327691185,0.2704651327691187,3384.3887836642534,8122.533080794208
31,2,2.6679348091593833,0.2679348091593833,3360.664442617598,8065.594662282235
32,2,2.5731191982262107,0.1731191982262109,3436.4028628901633,8247.366870936392
33,2,2.5418668089135017,0.14186680891350195,3391.5521215331455,8139.725091679549
34,2,2.620157819278743,0.22015781927874317,3359.439052049489,8062.653724918773
35,2,2.681704921634641,0.2817049216346411,3328.6705253099676,7988.809260743922
36,2,2.6407637031186044,0.24076370311860437,1825.9428650932393,4382.262876223775
37,2,2.67599309189925,0.27599309189925025,3066.0073222354554,7358.417573365093
38,2,2.7068347444767755,0.3068347444767757,3329.1767881983183,7990.0242916759635
39,2,3.171798424601238,0.37179842460123835,3067.3971639137153,8588.712058958403
40,2,3.1589280482006408,0.35892804820064106,3022.9797278008623,8464.343237842413
41,2,3.169670502264058,0.3696705022640579,3049.029946285755,8537.283849600113
42,2,3.2472767807618066,0.44727678076180655,3037.958962710719,8506.285095590012
43,2,3.0824469209481813,0.28244692094818147,3189.099180842797,8929.47770635983
44,2,3.097238961230013,0.2972389612300129,3176.8363895103157,8895.141890628884
45,2,3.099512897109386,0.29951289710938644,3131.6244619192253,8768.54849337383
46,2,3.10788137645796,0.30788137645795993,2358.368833324461,6603.43273330849
47,2,3.0765585764960934,0.27655857649609356,3169.46970141302,8874.515163956456
48,2,3.0737417765598063,0.27374177655980664,3158.5901371463415,8844.052384009756
49,2,1.2194633668376214,0.4194633668376213,4064.5591841505347,3251.647347320428
50,2,1.0083491446230888,0.40834914462308874,3397.233185721698,2038.3399114330193
51,2,3.210413136955002,0.4104131369550023,3036.2565743504747,8501.51840818133
52,2,3.2616780664060725,0.46167806640607245,2979.0414853469356,8341.31615897142
53,2,2.9996097656434397,0.3996097656434395,3096.125068306302,8049.925177596386
54,2,3.097127575708137,0.2971275757081374,3051.701588587128,8544.764448043958
55,2,2.9702993625171334,0.17029936251713354,3067.5465800819,8589.13042422932
56,2,2.9222664570477606,0.12226645704776068,3109.051055419342,8705.342955174157
57,2,3.0006809838348336,0.20068098383483374,3069.933429562266,8595.813602774344
58,2,3.0242297600823322,0.2242297600823324,3033.040479911869,8492.513343753233
59,2,2.883929240410655,0.08392924041065553,3059.699241483026,8567.157876152472
60,2,2.8682553698485136,0.06825536984851374,3002.3466878333065,8406.570725933258
61,2,3.0468498832126443,0.24684988321264442,2828.84121294543,7920.755396247204
62,2,3.0603896455258037,0.26038964552580407,2830.444539156212,7925.2447096373935
63,2,3.0457543048802878,0.2457543048802879,2793.9244144612176,7822.9883604914085
64,2,2.9429187920755995,0.1429187920755998,2794.0786200908456,7823.420136254367
65,2,2.834233103293252,0.03423310329325209,2903.4061550134816,8129.537234037748
66,2,2.9417001658345234,0.1417001658345234,2856.426797059013,7997.9950317652365
67,2,2.996108613155171,0.1961086131551714,2771.337821282246,7759.745899590288
68,2,2.8645862071887467,0.06458620718874694,2252.7782672563344,6307.779148317736
69,2,3.0094371109462053,0.20943711094620526,2813.4811803428893,7877.747304960089
70,2,3.0881646789327104,0.2881646789327104,2770.7577533351164,7758.121709338326
71,2,3.1351310499447083,0.33513104994470827,1467.2992483184998,4108.4378952918
72,2,0.7089062096367502,0.5089062096367503,4002.179967938036,800.4359935876071
73,2,3.383855163797556,0.5838551637975563,2629.980893235864,7363.946501060419
74,2,3.456746892228215,0.6567468922282154,2618.566642132482,7331.986597970948
75,2,3.6247322485295657,0.6247322485295659,2479.6670620572622,7439.001186171787
76,2,3.0152343532230317,0.615234353223032,2857.8730848216524,6858.895403571964
77,2,1.1696336898277453,0.5696336898277452,3817.6248958103874,2290.574937486233
78,2,3.4546138055480586,0.6546138055480587,2473.494402825501,6925.784327911402
79,2,3.346164620974203,0.746164620974203,2641.8433650640527,6868.792749166537
80,2,3.4132840789420618,0.613284078942062,2609.958367292078,7307.883428417818
81,2,3.394896420805377,0.5948964208053771,2731.203233738056,7647.369054466556
82,2,3.443947316248952,0.6439473162489523,2681.3375079333227,7507.745022213303
83,2,3.414149589357316,0.6141495893573159,1415.6808653000514,3963.906422840144
84,2,3.1736113758911033,0.37361137589110366,2787.9205010966266,7806.177403070554
85,2,3.2593163311096234,0.45931633110962333,2705.0543775381643,7574.15225710686
86,2,3.2962744979324174,0.49627449793241746,2586.723782355721,7242.826590596019
87,2,3.208334042634558,0.408334042634558,2595.1204863979024,7266.337361914126
88,2,3.271798239640242,0.4717982396402421,2669.7314961031166,7475.248189088726
89,2,3.184337709792237,0.38433770979223747,2668.5183844069657,7471.851476339503
90,2,3.3175979488608327,0.5175979488608327,2564.6568371447283,7181.039144005239
91,2,3.482084138800337,0.4820841388003372,1156.2459741483462,3468.7379224450387
92,2,3.281022580421731,0.48102258042173085,2542.9464407284145,7120.25003403956
93,2,3.3282352186295405,0.5282352186295408,2417.7094170334244,6769.586367693588
94,2,3.4126045394478988,0.6126045394478987,2372.296332871579,6642.429732040421
95,2,3.2427525673677424,0.4427525673677428,2578.296487587903,7219.230165246127
96,2,2.4127719705796435,0.6127719705796437,2050.3727119888167,3690.6708815798697
97,2,3.5930355637369527,0.7930355637369527,2348.721355582616,6576.419795631325
98,2,3.4895753756401326,0.6895753756401328,2497.786281911764,6993.801589352939
99,2,3.643553008887643,0.8435530088876431,2357.517582245635,6601.049230287777
